Loading model...
Fetching 6 files:   0%|          | 0/6 [00:00<?, ?it/s]Fetching 6 files: 100%|██████████| 6/6 [00:00<00:00, 4549.14it/s]
Model loaded in 9.8s
generating seeded_0: Сегодня прекрасная погода для прогулки в...
  -> F0 median 244.9 Hz, wall 20.31s
generating seeded_1: Компьютер медленно загружался этим утром...
  -> F0 median 105.7 Hz, wall 10.59s
generating seeded_2: Она приготовила вкусный борщ на обед....
  -> F0 median 180.5 Hz, wall 10.92s
generating seeded_3: Дети играли во дворе до самого вечера....
  -> F0 median 243.7 Hz, wall 11.56s
generating seeded_4: Поезд опоздал на пятнадцать минут....
  -> F0 median 187.5 Hz, wall 9.98s
generating seeded_5: Река тихо несла свои воды мимо старого м...
  -> F0 median 136.4 Hz, wall 14.25s
generating unseeded_0: Сегодня прекрасная погода для прогулки в...
  -> F0 median 192.8 Hz, wall 13.1s
generating unseeded_1: Компьютер медленно загружался этим утром...
  -> F0 median 111.1 Hz, wall 9.0s
generating unseeded_2: Она приготовила вкусный борщ на обед....
  -> F0 median 179.1 Hz, wall 13.64s
generating unseeded_3: Дети играли во дворе до самого вечера....
  -> F0 median 114.3 Hz, wall 11.84s
generating unseeded_4: Поезд опоздал на пятнадцать минут....
  -> F0 median 125.7 Hz, wall 13.29s
generating unseeded_5: Река тихо несла свои воды мимо старого м...
  -> F0 median 142.9 Hz, wall 13.86s
bitwise check: same seed + same text twice
  -> identical=True
DONE
